
> out@0.1.0 build
> prisma generate && next build

Environment variables loaded from .env
Prisma schema loaded from prisma/schema.prisma

✔ Generated Prisma Client (v6.14.0) to ./node_modules/@prisma/client in 80ms

Start by importing your Prisma Client (See: https://pris.ly/d/importing-client)

Tip: Interested in query caching in just a few lines of code? Try Accelerate today! https://pris.ly/tip-3-accelerate

   ▲ Next.js 15.4.2
   - Environments: .env

   Creating an optimized production build ...
> [PWA] Compile server
> [PWA] Compile server
> [PWA] Compile client (static)
> [PWA] Auto register service worker with: /Users/gauravrana/Desktop/Technical/Developement/isha_gramotsavam/node_modules/next-pwa/register.js
> [PWA] Service worker: /Users/gauravrana/Desktop/Technical/Developement/isha_gramotsavam/public/sw.js
> [PWA]   url: /sw.js
> [PWA]   scope: /
> [PWA] Fallback to precache routes when fetch failed from cache or network:
> [PWA]   document (page): /offline.html
> [PWA]   image: /icons/icon-192x192.png
Failed to compile.

Please check your GenerateSW plugin configuration:
[WebpackGenerateSW] 'workboxOptions' property is not expected to be here. Did you mean property 'skipWaiting'?


> Build failed because of webpack errors
