[debug] [2025-08-05T03:40:06.881Z] ----------------------------------------------------------------------
[debug] [2025-08-05T03:40:06.882Z] Command:       /Users/gauravrana/.nvm/versions/node/v22.17.1/bin/node /Users/gauravrana/.nvm/versions/node/v22.17.1/bin/firebase deploy --only firestore:indexes
[debug] [2025-08-05T03:40:06.882Z] CLI Version:   14.11.1
[debug] [2025-08-05T03:40:06.882Z] Platform:      darwin
[debug] [2025-08-05T03:40:06.883Z] Node Version:  v22.17.1
[debug] [2025-08-05T03:40:06.883Z] Time:          Tue Aug 05 2025 09:10:06 GMT+0530 (India Standard Time)
[debug] [2025-08-05T03:40:06.883Z] ----------------------------------------------------------------------
[debug] 
[debug] [2025-08-05T03:40:06.946Z] Object "/functions" in "firebase.json" has unknown property: {"additionalProperty":"region"}
[debug] [2025-08-05T03:40:06.947Z] Field "/functions" in "firebase.json" is possibly invalid: must be array
[debug] [2025-08-05T03:40:06.947Z] Field "/functions" in "firebase.json" is possibly invalid: must match a schema in anyOf
[debug] [2025-08-05T03:40:06.949Z] > command requires scopes: ["email","openid","https://www.googleapis.com/auth/cloudplatformprojects.readonly","https://www.googleapis.com/auth/firebase","https://www.googleapis.com/auth/cloud-platform"]
[debug] [2025-08-05T03:40:06.949Z] > authorizing via signed-in user (ranaofficial05@gmail.com)
[debug] [2025-08-05T03:40:06.949Z] [iam] checking project isha-gramotsavam for permissions ["datastore.indexes.create","datastore.indexes.delete","datastore.indexes.list","datastore.indexes.update","firebase.projects.get"]
[debug] [2025-08-05T03:40:06.949Z] Checked if tokens are valid: true, expires at: 1754368652315
[debug] [2025-08-05T03:40:06.949Z] Checked if tokens are valid: true, expires at: 1754368652315
[debug] [2025-08-05T03:40:06.949Z] >>> [apiv2][query] POST https://cloudresourcemanager.googleapis.com/v1/projects/isha-gramotsavam:testIamPermissions [none]
[debug] [2025-08-05T03:40:06.949Z] >>> [apiv2][(partial)header] POST https://cloudresourcemanager.googleapis.com/v1/projects/isha-gramotsavam:testIamPermissions x-goog-quota-user=projects/isha-gramotsavam
[debug] [2025-08-05T03:40:06.949Z] >>> [apiv2][body] POST https://cloudresourcemanager.googleapis.com/v1/projects/isha-gramotsavam:testIamPermissions {"permissions":["datastore.indexes.create","datastore.indexes.delete","datastore.indexes.list","datastore.indexes.update","firebase.projects.get"]}
[debug] [2025-08-05T03:40:10.743Z] <<< [apiv2][status] POST https://cloudresourcemanager.googleapis.com/v1/projects/isha-gramotsavam:testIamPermissions 200
[debug] [2025-08-05T03:40:10.743Z] <<< [apiv2][body] POST https://cloudresourcemanager.googleapis.com/v1/projects/isha-gramotsavam:testIamPermissions {"permissions":["datastore.indexes.create","datastore.indexes.delete","datastore.indexes.list","datastore.indexes.update","firebase.projects.get"]}
[info] 
[info] === Deploying to 'isha-gramotsavam'...
[info] 
[info] i  deploying firestore 
[info] i  firestore: reading indexes from src/lib/firebase/firestore.indexes.json... 
[info] i  cloud.firestore: checking src/lib/firebase/firestore.rules for compilation errors... 
[debug] [2025-08-05T03:40:10.748Z] Checked if tokens are valid: true, expires at: 1754368652315
[debug] [2025-08-05T03:40:10.748Z] Checked if tokens are valid: true, expires at: 1754368652315
[debug] [2025-08-05T03:40:10.748Z] >>> [apiv2][query] POST https://firebaserules.googleapis.com/v1/projects/isha-gramotsavam:test [none]
[debug] [2025-08-05T03:40:10.748Z] >>> [apiv2][body] POST https://firebaserules.googleapis.com/v1/projects/isha-gramotsavam:test [omitted]
[debug] [2025-08-05T03:40:12.589Z] <<< [apiv2][status] POST https://firebaserules.googleapis.com/v1/projects/isha-gramotsavam:test 200
[debug] [2025-08-05T03:40:12.589Z] <<< [apiv2][body] POST https://firebaserules.googleapis.com/v1/projects/isha-gramotsavam:test {}
[info] ✔  cloud.firestore: rules file src/lib/firebase/firestore.rules compiled successfully 
[debug] [2025-08-05T03:40:12.590Z] Checked if tokens are valid: true, expires at: 1754368652315
[debug] [2025-08-05T03:40:12.590Z] Checked if tokens are valid: true, expires at: 1754368652315
[debug] [2025-08-05T03:40:12.590Z] >>> [apiv2][query] GET https://firestore.googleapis.com/v1/projects/isha-gramotsavam/databases/(default) [none]
[debug] [2025-08-05T03:40:13.380Z] <<< [apiv2][status] GET https://firestore.googleapis.com/v1/projects/isha-gramotsavam/databases/(default) 200
[debug] [2025-08-05T03:40:13.380Z] <<< [apiv2][body] GET https://firestore.googleapis.com/v1/projects/isha-gramotsavam/databases/(default) {"name":"projects/isha-gramotsavam/databases/(default)","uid":"c24c6251-1b3c-4033-adc6-21ace9b78f93","createTime":"2025-07-24T15:13:32.069914Z","updateTime":"2025-07-24T15:13:32.069914Z","locationId":"asia-south1","type":"FIRESTORE_NATIVE","concurrencyMode":"PESSIMISTIC","versionRetentionPeriod":"3600s","earliestVersionTime":"2025-08-05T02:40:13.374266Z","appEngineIntegrationMode":"DISABLED","keyPrefix":"j","pointInTimeRecoveryEnablement":"POINT_IN_TIME_RECOVERY_DISABLED","deleteProtectionState":"DELETE_PROTECTION_DISABLED","databaseEdition":"STANDARD","freeTier":true,"etag":"IPvp5drf8o4DMImUlJ361Y4D"}
[info] i  firestore: deploying indexes... 
[debug] [2025-08-05T03:40:13.381Z] Checked if tokens are valid: true, expires at: 1754368652315
[debug] [2025-08-05T03:40:13.381Z] Checked if tokens are valid: true, expires at: 1754368652315
[debug] [2025-08-05T03:40:13.381Z] >>> [apiv2][query] GET https://firestore.googleapis.com/v1/projects/isha-gramotsavam/databases/(default)/collectionGroups/-/indexes [none]
